register token_filters/yatof
[[0,0.0,0.0],true]
tokenize TokenBigram   "*今日は123雨だ *A!"   --normalizer NormalizerAuto   --token_filters TokenFilterDigit
[
  [
    0,
    0.0,
    0.0
  ],
  [
    {
      "value": "*",
      "position": 0
    },
    {
      "value": "今日",
      "position": 1
    },
    {
      "value": "日は",
      "position": 2
    },
    {
      "value": "は",
      "position": 3
    },
    {
      "value": "雨だ",
      "position": 4
    },
    {
      "value": "だ",
      "position": 5
    },
    {
      "value": "*",
      "position": 6
    },
    {
      "value": "a",
      "position": 7
    },
    {
      "value": "!",
      "position": 8
    }
  ]
]
