register token_filters/yatof
[[0,0.0,0.0],true]
tokenize TokenBigram   "abc de"   --normalizer NormalizerAuto   --token_filters TokenFilterMinLength
[[0,0.0,0.0],[{"value":"abc","position":0}]]
