register token_filters/yatof
[[0,0.0,0.0],true]
table_create remove_words TABLE_HASH_KEY ShortText
[[0,0.0,0.0],true]
load --table remove_words
[
{"_key": "and"},
{"_key": "or"}
]
[[0,0.0,0.0],2]
tokenize TokenBigram "Hello and World"   --normalizer NormalizerAuto   --token_filters TokenFilterRemoveWord
[[0,0.0,0.0],[{"value":"hello","position":0},{"value":"world","position":2}]]
