register token_filters/yatof
[[0,0.0,0.0],true]
table_create #synonyms TABLE_HASH_KEY ShortText
[[0,0.0,0.0],true]
column_create #synonyms synonym COLUMN_SCALAR ShortText
[[0,0.0,0.0],true]
load --table #synonyms
[
{"_key": "senna", "synonym": "groonga"}
]
[[0,0.0,0.0],1]
tokenize TokenBigram "Hello Senna"   --normalizer NormalizerAuto   --token_filters TokenFilterSynonym
[[0,0.0,0.0],[{"value":"hello","position":0},{"value":"groonga","position":1}]]
